[33m❯[39m Building...
[dotenv@17.2.3] injecting env (12) from .env -- tip: ✅ audit secrets and track compliance: https://dotenvx.com/ops
2026-02-07 17:17:45 [[32minfo[39m]: Security middleware initialized
[32m✔[39m Building...
[35mBrowser bundles[39m      
[1mInitial chunk files[22m  [2m | [22m[1mNames[22m                   [2m | [22m [1mRaw size[22m[2m | [22m[1mEstimated transfer size[22m
[32mchunk-DIRDTIFK.js[39m    [2m | [22m[2m-[22m                       [2m | [22m[36m450.08 kB[39m[2m | [22m              [36m113.79 kB[39m
[32mstyles-F7XHBPXO.css[39m  [2m | [22m[2mstyles[22m                  [2m | [22m[36m134.17 kB[39m[2m | [22m               [36m10.93 kB[39m
[32mmain-IUHLYXW2.js[39m     [2m | [22m[2mmain[22m                    [2m | [22m [36m80.47 kB[39m[2m | [22m               [36m21.27 kB[39m
[32mchunk-5SKAMWNP.js[39m    [2m | [22m[2m-[22m                       [2m | [22m [36m56.14 kB[39m[2m | [22m               [36m12.82 kB[39m
[32mchunk-CI3DKE3I.js[39m    [2m | [22m[2m-[22m                       [2m | [22m [36m53.13 kB[39m[2m | [22m               [36m10.98 kB[39m
[32mpolyfills-5CFQRCPP.js[39m[2m | [22m[2mpolyfills[22m               [2m | [22m [36m34.59 kB[39m[2m | [22m               [36m11.33 kB[39m
[32mchunk-A256NIIQ.js[39m    [2m | [22m[2m-[22m                       [2m | [22m [36m12.75 kB[39m[2m | [22m                [36m3.36 kB[39m
[32mchunk-UNBMNEIM.js[39m    [2m | [22m[2m-[22m                       [2m | [22m  [36m1.54 kB[39m[2m | [22m              [36m557 bytes[39m
[32mchunk-OBORZ5TS.js[39m    [2m | [22m[2m-[22m                       [2m | [22m[36m674 bytes[39m[2m | [22m              [36m674 bytes[39m

[1m [22m                    [2m | [22m[1mInitial total[22m           [2m | [22m[1m[93m823.54 kB[39m[22m[2m | [22m              [1m185.71 kB[22m

[1mLazy chunk files[22m     [2m | [22m[1mNames[22m                   [2m | [22m [1mRaw size[22m[2m | [22m[1mEstimated transfer size[22m
[32mchunk-VQQGEH3L.js[39m    [2m | [22m[2mblog-post-component[22m     [2m | [22m [36m60.79 kB[39m[2m | [22m               [36m17.32 kB[39m
[32mchunk-HNZLIC63.js[39m    [2m | [22m[2m-[22m                       [2m | [22m [36m58.08 kB[39m[2m | [22m                [36m9.68 kB[39m
[32mchunk-LMFK24BI.js[39m    [2m | [22m[2mproduct-detail-component[22m[2m | [22m [36m52.75 kB[39m[2m | [22m               [36m12.20 kB[39m
[32mchunk-RHITPZI5.js[39m    [2m | [22m[2mproduct-list-component[22m  [2m | [22m [36m49.28 kB[39m[2m | [22m               [36m11.85 kB[39m
[32mchunk-OUSFKOOL.js[39m    [2m | [22m[2mcatalog-list-component[22m  [2m | [22m [36m45.13 kB[39m[2m | [22m               [36m10.36 kB[39m
[32mchunk-I66IL2R5.js[39m    [2m | [22m[2m-[22m                       [2m | [22m [36m41.97 kB[39m[2m | [22m                [36m8.56 kB[39m
[32mchunk-SOMWMGCU.js[39m    [2m | [22m[2m-[22m                       [2m | [22m [36m37.32 kB[39m[2m | [22m                [36m7.89 kB[39m
[32mchunk-VIYXEM6R.js[39m    [2m | [22m[2m-[22m                       [2m | [22m [36m34.90 kB[39m[2m | [22m                [36m8.61 kB[39m
[32mchunk-KFQKDGVO.js[39m    [2m | [22m[2madmin-layout-component[22m  [2m | [22m [36m33.76 kB[39m[2m | [22m                [36m6.50 kB[39m
[32mchunk-ZMYUMJ7K.js[39m    [2m | [22m[2mfaq-component[22m           [2m | [22m [36m28.57 kB[39m[2m | [22m                [36m7.68 kB[39m
[32mchunk-EULQ2NYU.js[39m    [2m | [22m[2m-[22m                       [2m | [22m [36m28.20 kB[39m[2m | [22m                [36m4.90 kB[39m
[32mchunk-LK3WGZ2E.js[39m    [2m | [22m[2m-[22m                       [2m | [22m [36m28.04 kB[39m[2m | [22m                [36m4.80 kB[39m
[32mchunk-2XOZGZNE.js[39m    [2m | [22m[2mproduct-form-component[22m  [2m | [22m [36m27.40 kB[39m[2m | [22m                [36m6.89 kB[39m
[32mchunk-RAEZTUCC.js[39m    [2m | [22m[2m-[22m                       [2m | [22m [36m17.41 kB[39m[2m | [22m                [36m4.69 kB[39m
[32mchunk-RF7B2FBH.js[39m    [2m | [22m[2m-[22m                       [2m | [22m [36m14.88 kB[39m[2m | [22m                [36m4.11 kB[39m
[2m...and 17 more lazy chunks files. Use "--verbose" to show all the files.[22m


[35mServer bundles[39m       
[1mInitial chunk files[22m  [2m | [22m[1mNames[22m                   [2m | [22m [1mRaw size[22m
[32mchunk-BUMW7MK2.mjs[39m   [2m | [22m[2m-[22m                       [2m | [22m[36m799.27 kB[39m[2m | [22m                       
[32mmain.server.mjs[39m      [2m | [22m[2mmain.server[22m             [2m | [22m[36m526.38 kB[39m[2m | [22m                       
[32mchunk-4AR2HX2F.mjs[39m   [2m | [22m[2m-[22m                       [2m | [22m[36m448.63 kB[39m[2m | [22m                       
[32mpolyfills.server.mjs[39m [2m | [22m[2mpolyfills.server[22m        [2m | [22m[36m265.23 kB[39m[2m | [22m                       
[32mchunk-LQ4S42AL.mjs[39m   [2m | [22m[2m-[22m                       [2m | [22m[36m147.95 kB[39m[2m | [22m                       
[32mchunk-AVDUL33N.mjs[39m   [2m | [22m[2m-[22m                       [2m | [22m [36m56.20 kB[39m[2m | [22m                       
[32mchunk-7XXFHBEC.mjs[39m   [2m | [22m[2m-[22m                       [2m | [22m [36m53.20 kB[39m[2m | [22m                       
[32mserver.mjs[39m           [2m | [22m[2mserver[22m                  [2m | [22m [36m17.11 kB[39m[2m | [22m                       
[32mchunk-VTAMDTEB.mjs[39m   [2m | [22m[2m-[22m                       [2m | [22m [36m12.82 kB[39m[2m | [22m                       
[32mchunk-X2SEQXRR.mjs[39m   [2m | [22m[2m-[22m                       [2m | [22m  [36m2.41 kB[39m[2m | [22m                       
[32mchunk-OUOWW7VF.mjs[39m   [2m | [22m[2m-[22m                       [2m | [22m  [36m1.61 kB[39m[2m | [22m                       
[32mchunk-OLE7S73H.mjs[39m   [2m | [22m[2m-[22m                       [2m | [22m  [36m1.58 kB[39m[2m | [22m                       
[32mchunk-QQXKZTIO.mjs[39m   [2m | [22m[2m-[22m                       [2m | [22m[36m708 bytes[39m[2m | [22m                       

[1mLazy chunk files[22m     [2m | [22m[1mNames[22m                   [2m | [22m [1mRaw size[22m
[32mchunk-YXNNTZFE.mjs[39m   [2m | [22m[2madmin-routes[22m            [2m | [22m[36m314.85 kB[39m[2m | [22m                       
[32mchunk-O7AT2VMG.mjs[39m   [2m | [22m[2m-[22m                       [2m | [22m[36m237.98 kB[39m[2m | [22m                       
[32mchunk-P7FDBKDL.mjs[39m   [2m | [22m[2m-[22m                       [2m | [22m [36m82.35 kB[39m[2m | [22m                       
[32mchunk-POPEAZBL.mjs[39m   [2m | [22m[2mblog-post-component[22m     [2m | [22m [36m60.88 kB[39m[2m | [22m                       
[32mchunk-WUWZ7KLA.mjs[39m   [2m | [22m[2m-[22m                       [2m | [22m [36m58.12 kB[39m[2m | [22m                       
[32mchunk-URHHOFYF.mjs[39m   [2m | [22m[2mproduct-detail-component[22m[2m | [22m [36m52.82 kB[39m[2m | [22m                       
[32mchunk-TX3ASJOQ.mjs[39m   [2m | [22m[2mproduct-list-component[22m  [2m | [22m [36m49.36 kB[39m[2m | [22m                       
[32mchunk-LJS5XFVD.mjs[39m   [2m | [22m[2m-[22m                       [2m | [22m [36m48.93 kB[39m[2m | [22m                       
[32mchunk-T4FEMKFV.mjs[39m   [2m | [22m[2mcatalog-list-component[22m  [2m | [22m [36m45.21 kB[39m[2m | [22m                       
[32mchunk-JR5C4DL4.mjs[39m   [2m | [22m[2m-[22m                       [2m | [22m [36m42.04 kB[39m[2m | [22m                       
[32mchunk-7NZT7RSU.mjs[39m   [2m | [22m[2m-[22m                       [2m | [22m [36m37.35 kB[39m[2m | [22m                       
[32mchunk-5L3UFP5P.mjs[39m   [2m | [22m[2m-[22m                       [2m | [22m [36m34.94 kB[39m[2m | [22m                       
[32mchunk-6VFX6OZH.mjs[39m   [2m | [22m[2madmin-layout-component[22m  [2m | [22m [36m33.83 kB[39m[2m | [22m                       
[32mchunk-3LLHCI5S.mjs[39m   [2m | [22m[2mfaq-component[22m           [2m | [22m [36m28.64 kB[39m[2m | [22m                       
[32mchunk-G7AFRJP7.mjs[39m   [2m | [22m[2m-[22m                       [2m | [22m [36m28.24 kB[39m[2m | [22m                       
[2m...and 34 more lazy chunks files. Use "--verbose" to show all the files.[22m

[35mPrerendered 0 static routes.[39m
Application bundle generation complete. [21.119 seconds] - 2026-02-07T12:18:01.289Z

[1m[33m[33m▲ [43;33m[[43;30mWARNING[43;33m][0m [1mbundle initial exceeded maximum budget. Budget 500.00 kB was not met by 323.54 kB with a total of 823.54 kB.[0m


[33m▲ [43;33m[[43;30mWARNING[43;33m][0m [1mModule 'express-validator' used by 'src/server/routes/contact.routes.ts' is not ESM[0m

  CommonJS or AMD dependencies can cause optimization bailouts.
  For more information see: [4mhttps://angular.dev/tools/cli/build#configuring-commonjs-dependencies[0m


[33m▲ [43;33m[[43;30mWARNING[43;33m][0m [1mModule 'winston' used by 'src/server/utils/logger.ts' is not ESM[0m

  CommonJS or AMD dependencies can cause optimization bailouts.
  For more information see: [4mhttps://angular.dev/tools/cli/build#configuring-commonjs-dependencies[0m


[33m▲ [43;33m[[43;30mWARNING[43;33m][0m [1mModule 'multer' used by 'src/server/config/multer.config.ts' is not ESM[0m

  CommonJS or AMD dependencies can cause optimization bailouts.
  For more information see: [4mhttps://angular.dev/tools/cli/build#configuring-commonjs-dependencies[0m


[33m▲ [43;33m[[43;30mWARNING[43;33m][0m [1mModule 'sharp' used by 'src/server/services/image.service.ts' is not ESM[0m

  CommonJS or AMD dependencies can cause optimization bailouts.
  For more information see: [4mhttps://angular.dev/tools/cli/build#configuring-commonjs-dependencies[0m


[33m▲ [43;33m[[43;30mWARNING[43;33m][0m [1mModule 'ip-address' used by 'node_modules/express-rate-limit/dist/index.mjs' is not ESM[0m

  CommonJS or AMD dependencies can cause optimization bailouts.
  For more information see: [4mhttps://angular.dev/tools/cli/build#configuring-commonjs-dependencies[0m


[33m▲ [43;33m[[43;30mWARNING[43;33m][0m [1mModule 'pg-pool' used by 'node_modules/pg/lib/index.js' is not ESM[0m

  CommonJS or AMD dependencies can cause optimization bailouts.
  For more information see: [4mhttps://angular.dev/tools/cli/build#configuring-commonjs-dependencies[0m


[33m▲ [43;33m[[43;30mWARNING[43;33m][0m [1mModule 'pg-protocol' used by 'node_modules/pg/lib/index.js' is not ESM[0m

  CommonJS or AMD dependencies can cause optimization bailouts.
  For more information see: [4mhttps://angular.dev/tools/cli/build#configuring-commonjs-dependencies[0m


[33m▲ [43;33m[[43;30mWARNING[43;33m][0m [1mModule 'pg-types' used by 'node_modules/pg/lib/index.js' is not ESM[0m

  CommonJS or AMD dependencies can cause optimization bailouts.
  For more information see: [4mhttps://angular.dev/tools/cli/build#configuring-commonjs-dependencies[0m


[33m▲ [43;33m[[43;30mWARNING[43;33m][0m [1mModule 'pgpass' used by 'node_modules/pg/lib/client.js' is not ESM[0m

  CommonJS or AMD dependencies can cause optimization bailouts.
  For more information see: [4mhttps://angular.dev/tools/cli/build#configuring-commonjs-dependencies[0m


[33m▲ [43;33m[[43;30mWARNING[43;33m][0m [1mModule 'pg-connection-string' used by 'node_modules/pg/lib/connection-parameters.js' is not ESM[0m

  CommonJS or AMD dependencies can cause optimization bailouts.
  For more information see: [4mhttps://angular.dev/tools/cli/build#configuring-commonjs-dependencies[0m


[33m▲ [43;33m[[43;30mWARNING[43;33m][0m [1mModule 'pg-cloudflare' used by 'node_modules/pg/lib/stream.js' is not ESM[0m

  CommonJS or AMD dependencies can cause optimization bailouts.
  For more information see: [4mhttps://angular.dev/tools/cli/build#configuring-commonjs-dependencies[0m

[39m[22m
Output location: D:\sideProjects\ggpoint\dist\ggpoint

